[backblue.gif]
[fade.gif]
[index.html]
[templates-preview.com/gitex/js/jquery-3.4.1.js]
[templates-preview.com/gitex/js/popper.min.js]
[templates-preview.com/gitex/js/bootstrap.min.js]
[templates-preview.com/gitex/js/main.js]
[templates-preview.com/gitex/index.html]
[templates-preview.com/gitex/css/bootstrap.min.css]
[templates-preview.com/gitex/webfonts/fa-brands-400.eot]
[templates-preview.com/gitex/webfonts/fa-brands-400d41d.eot]
[templates-preview.com/gitex/webfonts/fa-brands-400.woff]
[templates-preview.com/gitex/webfonts/fa-brands-400.ttf]
[templates-preview.com/gitex/webfonts/fa-regular-400.eot]
[templates-preview.com/gitex/webfonts/fa-regular-400d41d.eot]
[templates-preview.com/gitex/webfonts/fa-regular-400.woff]
[templates-preview.com/gitex/webfonts/fa-regular-400.ttf]
[templates-preview.com/gitex/webfonts/fa-solid-900.eot]
[templates-preview.com/gitex/webfonts/fa-solid-900d41d.eot]
[templates-preview.com/gitex/webfonts/fa-solid-900.woff]
[templates-preview.com/gitex/webfonts/fa-solid-900.ttf]
[templates-preview.com/gitex/css/fontawesome.css]
[templates-preview.com/gitex/fonts/BebasNeue-Light.otf]
[templates-preview.com/gitex/fonts/SF-Pro-Display-Regular.otf]
[templates-preview.com/gitex/css/styles.css]
[templates-preview.com/gitex/customer/loading-logo.html]
[templates-preview.com/gitex/driver/loading-logo.html]
[templates-preview.com/gitex/index-2.html]
[templates-preview.com/gitex/webfonts/fa-brands-400.html]
[templates-preview.com/gitex/webfonts/fa-brands-400.svg]
[templates-preview.com/gitex/webfonts/fa-regular-400.html]
[templates-preview.com/gitex/webfonts/fa-regular-400.svg]
[templates-preview.com/gitex/webfonts/fa-solid-900.html]
[templates-preview.com/gitex/webfonts/fa-solid-900.svg]
[templates-preview.com/gitex/icons/dropdown-angle.svg]
[templates-preview.com/gitex/customer/sign-up.html]
[templates-preview.com/gitex/images/logo-white.svg]
[templates-preview.com/gitex/driver/sign-in.html]
[templates-preview.com/gitex/images/logo-main.svg]
[templates-preview.com/gitex/customer/sign-up-page-1.html]
[templates-preview.com/gitex/customer/sign-in.html]
[templates-preview.com/gitex/icons/avatar-light.svg]
[templates-preview.com/gitex/icons/lock.svg]
[templates-preview.com/gitex/icons/eye.svg]
[templates-preview.com/gitex/driver/sign-up-page-2.html]
[templates-preview.com/gitex/icons/envelope.svg]
[templates-preview.com/gitex/icons/phone.svg]
[cdnjs.cloudflare.com/ajax/libs/intl-tel-input/8.4.6/css/intlTelInput.css]
[templates-preview.com/gitex/js/intlTelInput.min.js]
[templates-preview.com/gitex/driver/sign-up.html]
[templates-preview.com/gitex/icons/back.svg]
[templates-preview.com/gitex/customer/sign-up-page-2.html]
[templates-preview.com/gitex/images/profile-1.png]
[templates-preview.com/gitex/customer/index.html]
[templates-preview.com/gitex/driver/successful-verification.html]
[cdnjs.cloudflare.com/ajax/libs/intl-tel-input/8.4.6/img/flags.png]
[cdnjs.cloudflare.com/ajax/libs/intl-tel-input/8.4.6/img/flags@2x.png]
[cdnjs.cloudflare.com/ajax/libs/intl-tel-input/8.4.6/css/intlTelInput.css]
[templates-preview.com/gitex/customer/sign-up-page-3.html]
[templates-preview.com/gitex/icons/menu.svg]
[templates-preview.com/gitex/icons/microphone.svg]
[templates-preview.com/gitex/icons/cross-light.svg]
[templates-preview.com/gitex/icons/circle.svg]
[templates-preview.com/gitex/icons/audi.svg]
[templates-preview.com/gitex/icons/limusine.svg]
[templates-preview.com/gitex/icons/minivan.svg]
[templates-preview.com/gitex/icons/wishes.svg]
[templates-preview.com/gitex/icons/cash.svg]
[templates-preview.com/gitex/icons/close.svg]
[templates-preview.com/gitex/icons/angle-right.svg]
[templates-preview.com/gitex/icons/check.svg]
[templates-preview.com/gitex/icons/paypal.svg]
[templates-preview.com/gitex/icons/plus.svg]
[templates-preview.com/gitex/icons/up-arrow.svg]
[templates-preview.com/gitex/icons/mercedes.svg]
[templates-preview.com/gitex/images/profile-2.png]
[templates-preview.com/gitex/customer/chat.html]
[templates-preview.com/gitex/icons/home.svg]
[templates-preview.com/gitex/icons/home-light.svg]
[templates-preview.com/gitex/customer/profile.html]
[templates-preview.com/gitex/icons/avatar-dark.svg]
[templates-preview.com/gitex/icons/avatar.svg]
[templates-preview.com/gitex/customer/payment-method.html]
[templates-preview.com/gitex/js/history.js]
[templates-preview.com/gitex/customer/history.html]
[templates-preview.com/gitex/icons/history-light.svg]
[templates-preview.com/gitex/icons/history.svg]
[templates-preview.com/gitex/customer/addresses.html]
[templates-preview.com/gitex/icons/my-addresses-dark.svg]
[templates-preview.com/gitex/icons/my-addresses.svg]
[templates-preview.com/gitex/customer/apply-promo.html]
[templates-preview.com/gitex/customer/settings.html]
[templates-preview.com/gitex/icons/settings.svg]
[templates-preview.com/gitex/icons/settings-light.svg]
[templates-preview.com/gitex/customer/online-support.html]
[templates-preview.com/gitex/icons/support.svg]
[templates-preview.com/gitex/icons/support-light.svg]
[templates-preview.com/gitex/icons/logout.svg]
[templates-preview.com/gitex/icons/logout-light.svg]
[templates-preview.com/gitex/icons/verified.svg]
[templates-preview.com/gitex/images/profile-16.png]
[templates-preview.com/gitex/images/profile-18.png]
[templates-preview.com/gitex/images/profile-3.png]
[templates-preview.com/gitex/driver/index.html]
[templates-preview.com/gitex/icons/plus-blue.svg]
[templates-preview.com/gitex/icons/photocamera.svg]
[templates-preview.com/gitex/images/avatar.svg]
[templates-preview.com/gitex/icons/marker.svg]
[templates-preview.com/gitex/images/payment-method.svg]
[templates-preview.com/gitex/icons/angle-right-white.svg]
[templates-preview.com/gitex/images/credit-card-1.png]
[templates-preview.com/gitex/customer/credit-cards.html]
[templates-preview.com/gitex/customer/paypal-payment-method.html]
[templates-preview.com/gitex/images/driver-picture-trip.png]
[templates-preview.com/gitex/customer/trip-description.html]
[templates-preview.com/gitex/images/address.svg]
[templates-preview.com/gitex/customer/home-address.html]
[templates-preview.com/gitex/customer/office-address.html]
[templates-preview.com/gitex/customer/friend-address.html]
[templates-preview.com/gitex/customer/add-new-address.html]
[templates-preview.com/gitex/icons/ticket.svg]
[templates-preview.com/gitex/customer/payment-problems-support-description.html]
[templates-preview.com/gitex/customer/report-driver-support-description.html]
[templates-preview.com/gitex/customer/report-car-support-description.html]
[templates-preview.com/gitex/customer/report-arrival-support-description.html]
[templates-preview.com/gitex/customer/lost-and-found-support-description.html]
[templates-preview.com/gitex/icons/map-position.svg]
[templates-preview.com/gitex/icons/path-right.svg]
[templates-preview.com/gitex/icons/path-left.svg]
[templates-preview.com/gitex/images/profile-17.png]
[templates-preview.com/gitex/driver/new-requests.html]
[templates-preview.com/gitex/icons/uparrow.svg]
[templates-preview.com/gitex/driver/chat.html]
[templates-preview.com/gitex/driver/profile.html]
[templates-preview.com/gitex/driver/wallet.html]
[templates-preview.com/gitex/icons/my-wallet.svg]
[templates-preview.com/gitex/icons/my-wallet-light.svg]
[templates-preview.com/gitex/driver/driver-registration.html]
[templates-preview.com/gitex/icons/driver-registration-dark.svg]
[templates-preview.com/gitex/icons/driver-registration.svg]
[templates-preview.com/gitex/images/profile-7.png]
[templates-preview.com/gitex/images/profile-6.png]
[templates-preview.com/gitex/images/profile-5.png]
[templates-preview.com/gitex/images/profile-4.png]
[templates-preview.com/gitex/driver/notifications.html]
[templates-preview.com/gitex/icons/notification.svg]
[templates-preview.com/gitex/icons/notification-light.svg]
[templates-preview.com/gitex/driver/add-new-car.html]
[templates-preview.com/gitex/driver/support.html]
[templates-preview.com/gitex/icons/calendar.svg]
[templates-preview.com/gitex/images/credit-card-2.svg]
[templates-preview.com/gitex/customer/add-new-card.html]
[templates-preview.com/gitex/icons/cross.svg]
[templates-preview.com/gitex/icons/calendar-dark.svg]
[templates-preview.com/gitex/driver/trip-description.html]
[templates-preview.com/gitex/driver/indexe77e.html]
[templates-preview.com/gitex/icons/personal-id.svg]
[templates-preview.com/gitex/images/wallet.svg]
[templates-preview.com/gitex/js/chart.bundle.min.js]
[templates-preview.com/gitex/js/utils.js]
[templates-preview.com/gitex/js/owl.carousel.js]
[templates-preview.com/gitex/driver/withdraw-history.html]
[templates-preview.com/gitex/images/profile-8.png]
[templates-preview.com/gitex/images/profile-9.png]
[templates-preview.com/gitex/images/profile-10.png]
[templates-preview.com/gitex/images/profile-11.png]
[templates-preview.com/gitex/images/profile-12.png]
[templates-preview.com/gitex/images/profile-13.png]
[templates-preview.com/gitex/images/profile-14.png]
[templates-preview.com/gitex/images/profile-15.png]
[templates-preview.com/gitex/driver/sales-history.html]
[templates-preview.com/gitex/driver/payment-method.html]
[templates-preview.com/gitex/images/driver-registration.svg]
[templates-preview.com/gitex/driver/drivers-license.html]
[templates-preview.com/gitex/driver/personal-id-card.html]
[templates-preview.com/gitex/icons/upload.svg]
[templates-preview.com/gitex/icons/delete.svg]
[templates-preview.com/gitex/icons/mastercard.svg]
[templates-preview.com/gitex/css/chart.min.css]
[templates-preview.com/gitex/css/owl.carousel.css]
[templates-preview.com/gitex/css/owl.theme.css]
[templates-preview.com/gitex/icons/ic_bank.svg]
[templates-preview.com/gitex/driver/credit-cards.html]
[templates-preview.com/gitex/driver/paypal-payment-method.html]
[templates-preview.com/gitex/driver/add-new-bank-account.html]
[templates-preview.com/gitex/icons/bank-transfer.svg]
[templates-preview.com/gitex/icons/bank-transfer-white.svg]
[templates-preview.com/gitex/css/grabbing.html]
[templates-preview.com/gitex/css/AjaxLoader.html]
[templates-preview.com/gitex/driver/add-new-card.html]
[templates-preview.com/gitex/images/bank.svg]
